// Jest Snapshot v1, https://goo.gl/fbAQLP

exports[`ProductItemDetails component render component with props snaphot of <ProductItemDetails /> 1`] = `
"<Fragment>
  <Title text=\\"Test\\" />
  <styled.div>
    <ProductSlider id=\\"testId\\" />
    <styled.div>
      <styled.div>
        <styled.span>
          123
        </styled.span>
      </styled.div>
      <RegularIconFavorite onClick={[Function: onClick]} />
      <styled.span>
        Бренд: 
        testBrand
      </styled.span>
      <styled.div>
        <styled.span>
          ✔ в наличии
        </styled.span>
        <styled.span>
          Артикул: 
          testNumber
        </styled.span>
      </styled.div>
      <styled.div>
        <styled.span>
          Описание товара
        </styled.span>
      </styled.div>
      <styled.span>
        TestDesc
      </styled.span>
      <styled.span>
        Цвет
      </styled.span>
      <styled.span>
        testColor
      </styled.span>
      <styled.span>
        Габариты
      </styled.span>
      <styled.span>
        Высота - 
        1
         cм, 
      </styled.span>
      <styled.span>
        Ширина - 
        1
         cм, 
      </styled.span>
      <styled.span>
        Глубина - 
        1
         cм 
      </styled.span>
    </styled.div>
    <styled.span>
      Характеристики
      <styled.div>
        <styled.span>
          Покрытие
        </styled.span>
        <styled.span>
          test
        </styled.span>
        <styled.span>
          Обивка
        </styled.span>
        <styled.span>
          test
        </styled.span>
      </styled.div>
    </styled.span>
    <styled.div>
      <styled.div>
        <ProductCounter value={1} setValue={[Function: bound _dispatchAction]} quantity={10} name=\\"Test\\" />
      </styled.div>
      <styled.div>
        <Button width=\\"13rem\\" color=\\"#7191A6\\" text=\\"Купить\\" onClick={[Function: onClick]} disabled={false} />
      </styled.div>
    </styled.div>
  </styled.div>
</Fragment>"
`;
