// Jest Snapshot v1, https://goo.gl/fbAQLP

exports[`AboutText component snapshot <AboutText /> 1`] = `
"<styled.div>
  <styled.div>
    <styled.div>
      <h2>
        МЫ - КОМАНДА МОЛОДЫХ УВЛЕЧЕННЫХ ПРОФЕССИОНАЛОВ
      </h2>
      <styled.p>
        Мы уверены, что пространство, в котором мы живем, должно отражать наши мечты и стремления, и каждый из нас в силах создать достойный восхищения интерьер, в котором приятно находиться и в который всегда хочется возвращаться.
      </styled.p>
      <styled.p>
        Наш опыт, стремление к комплексному подходу во всем, уважение к желаниям клиента позволяют нам помогать Вам реализовать любые ваши идеи в реальные сроки за разумные деньги.
      </styled.p>
      <styled.p>
        Мы работаем напрямую с лучшими фабриками Европы и Азии, производящими мебель и предметы интерьера ценового сегмента «средний+», «высокий», «премиум», что позволяет нам предлагать Вам актуальные новинки по конкурентным ценам. Большой выбор товаров в наличии и под заказ позволяют нам помочь Вам подобрать достойные варианты в рамках Вашего бюджета.
      </styled.p>
      <styled.p>
        Мы уже реализовали ряд проектов, основываясь на принципах:
      </styled.p>
      <styled.ul>
        <styled.li>
          Комплексный подход эффективен всегда.
        </styled.li>
        <styled.li>
          Нереализуемых задач не бывает. Мы всегда готовы предложить варианты решения даже самой нетрадиционной задачи.
        </styled.li>
        <styled.li>
          Важен баланс качества результата, сроков реализации проекта и бюджета.
        </styled.li>
      </styled.ul>
    </styled.div>
    <ContactsForm />
  </styled.div>
</styled.div>"
`;
