// Jest Snapshot v1, https://goo.gl/fbAQLP

exports[`DeliveryPage component snapshot <DeliveryPage /> 1`] = `
"<styled.div>
  <ScrollOnTop />
  <styled.div>
    <styled.div>
      <h2>
        ОБЩИЕ УСЛОВИЯ
      </h2>
      <styled.p>
        Мы доставляем заказы во все регионы Украины, Белоруссию, Россию. Кроме этого мы доставляем товар в Европу, США.
      </styled.p>
      <styled.ul>
        <styled.li>
          Стоимость доставки складывается из курьерской доставки заказа и подъема на этаж.
        </styled.li>
        <styled.li>
          Доставка крупных заказов (несколько позиций мебели) может осуществляться партиями, в зависимости от сроков готовности товара к отгрузке.
        </styled.li>
        <styled.li>
          Занести мебель в квартиру (офис) можно только, если ширина дверного проема составляет не менее 75 см, а ширина коридора и других помещений - не менее 120 см. Несоответствие ширины дверных проемов, коридоров и других помещений указанным размерам не является основанием для отказа от товара. Съем дверей и перестановка предметов при заносе мебели оплачивается отдельно.
        </styled.li>
        <styled.li>
          Если вы решили отказаться от товара, вы можете вернуть его в течение семи дней, однако вам нужно будет организовать доставку до нашего склада в Москве или оплатить обратную доставку.
        </styled.li>
      </styled.ul>
      <styled.p>
        Бесплатная доставка собственной курьерской службой для всех заказов стоимостью более 20000 руб. по Киеву в течении 2-5 дней.
      </styled.p>
      <styled.p>
        Бесплатная доставка собственной курьерской службой для всех заказов стоимостью более 15000 гривен. по Киевской области в течение 2-5 дней.
      </styled.p>
      <styled.p>
        КУРЬЕРСКАЯ ДОСТАВКА
      </styled.p>
      <styled.ul>
        <styled.li>
          В течение 2-5 рабочих дней после подтверждения заказа.
        </styled.li>
        <styled.li>
          Оплата наличными или картой курьеру, безналичная оплата на сайте при заказе.
        </styled.li>
        <styled.li>
          С 10:00 до 21:00 ежедневно (укажите удобное время в комментариях к заказу).
        </styled.li>
        <styled.li>
          Доступные интервалы: с 12:00 до 17:00 или с 17:00 до 21:00.
        </styled.li>
      </styled.ul>
    </styled.div>
    <ContactsForm />
  </styled.div>
</styled.div>"
`;
